The Black mold was caused by a mutation in position 14.  The wildtype base was G and the mutation was C
The Orange mold was caused by a mutation in position 84.  The wildtype base was G and the mutation was C

Sample Abbey had a Black mold, 4 reads, and had 75% of the reads at position 14 had the mutation C
Sample Adelaide had a Orange mold, 4 reads, and had 75% of the reads at position 84 had the mutation C
